[itv017714@g02 ~]$ 
[itv017714@g02 ~]$  FILENAME=$(basename https://raw.githubusercontent.com/saiadityaus1/SparkCore1/refs/heads/master/lab/TASK5.TXT) && wget -q https://raw.githubusercontent.com/saiadityaus1/SparkCore1/refs/heads/master/lab/$FILENAME && USERNAME=$(basename $(pwd)) && sed -i "s/LABUSER/${USERNAME}/g" $FILENAME && echo -e "\n$FILENAME available at your left -- pls check\n"

TASK5.TXT available at your left -- pls check

[itv017714@g02 ~]$ mysql -uroot -pAditya908 -h pradb2.cjimueo6u07z.ap-south-1.rds.amazonaws.com
Welcome to the MariaDB monitor.  Commands end with ; or \g.
Your MySQL connection id is 1390
Server version: 5.7.44-log Please upgrade to 8.0 or opt-in to the paid RDS Extended Support service before 5.7 reaches end of standard support on 29 February, 2024: https://a.co/hQqiIn0

Copyright (c) 2000, 2018, Oracle, MariaDB Corporation Ab and others.

Type 'help;' or '\h' for help. Type '\c' to clear the current input statement.

MySQL [(none)]> 
MySQL [(none)]> create database if not exists itv017714;
Query OK, 1 row affected, 1 warning (0.24 sec)

MySQL [(none)]> use itv017714;
Reading table information for completion of table and column names
You can turn off this feature to get a quicker startup with -A

Database changed
MySQL [itv017714]> drop table if exists cust;
Query OK, 0 rows affected, 1 warning (0.23 sec)

MySQL [itv017714]> drop table cust;
ERROR 1051 (42S02): Unknown table 'itv017714.cust'
MySQL [itv017714]> create table cust(id int,name varchar(100));
Query OK, 0 rows affected (0.26 sec)

MySQL [itv017714]> insert into cust value(1,'zeyo');
Query OK, 1 row affected (0.23 sec)

MySQL [itv017714]> insert into cust value(2,'analytics');
Query OK, 1 row affected (0.23 sec)

MySQL [itv017714]> select * from cust;
+------+-----------+
| id   | name      |
+------+-----------+
|    1 | zeyo      |
|    2 | analytics |
+------+-----------+
2 rows in set (0.22 sec)

MySQL [itv017714]> quit
Bye
[itv017714@g02 ~]$ sqoop import --connect jdbc:mysql://pradb2.cjimueo6u07z.ap-south-1.rds.amazonaws.com/itv017714 --username root --password Aditya908 --table cust --m 1 --target-dir /user/itv017714/pardir --as-parquetfile
Warning: /opt/sqoop/../hcatalog does not exist! HCatalog jobs will fail.
Please set $HCAT_HOME to the root of your HCatalog installation.
Warning: /opt/sqoop/../accumulo does not exist! Accumulo imports will fail.
Please set $ACCUMULO_HOME to the root of your Accumulo installation.
SLF4J: Class path contains multiple SLF4J bindings.
SLF4J: Found binding in [jar:file:/opt/hadoop-3.3.0/share/hadoop/common/lib/slf4j-log4j12-1.7.25.jar!/org/slf4j/impl/StaticLoggerBinder.class]
SLF4J: Found binding in [jar:file:/opt/apache-hive-3.1.2-bin/lib/log4j-slf4j-impl-2.10.0.jar!/org/slf4j/impl/StaticLoggerBinder.class]
SLF4J: See http://www.slf4j.org/codes.html#multiple_bindings for an explanation.
SLF4J: Actual binding is of type [org.slf4j.impl.Log4jLoggerFactory]
2025-03-30 02:33:49,562 INFO sqoop.Sqoop: Running Sqoop version: 1.4.7
2025-03-30 02:33:49,603 WARN tool.BaseSqoopTool: Setting your password on the command-line is insecure. Consider using -P instead.
2025-03-30 02:33:49,668 INFO manager.MySQLManager: Preparing to use a MySQL streaming resultset.
2025-03-30 02:33:49,668 INFO tool.CodeGenTool: Beginning code generation
2025-03-30 02:33:49,668 INFO tool.CodeGenTool: Will generate java class as codegen_cust
2025-03-30 02:33:53,111 INFO manager.SqlManager: Executing SQL statement: SELECT t.* FROM `cust` AS t LIMIT 1
2025-03-30 02:33:54,468 INFO manager.SqlManager: Executing SQL statement: SELECT t.* FROM `cust` AS t LIMIT 1
2025-03-30 02:33:55,363 INFO orm.CompilationManager: HADOOP_MAPRED_HOME is /opt/hadoop
Note: /tmp/sqoop-itv017714/compile/11d49a91f3fbb3ccbe376bdd92e28587/codegen_cust.java uses or overrides a deprecated API.
Note: Recompile with -Xlint:deprecation for details.
2025-03-30 02:33:56,649 INFO orm.CompilationManager: Writing jar file: /tmp/sqoop-itv017714/compile/11d49a91f3fbb3ccbe376bdd92e28587/codegen_cust.jar
2025-03-30 02:33:56,656 WARN manager.MySQLManager: It looks like you are importing from mysql.
2025-03-30 02:33:56,656 WARN manager.MySQLManager: This transfer can be faster! Use the --direct
2025-03-30 02:33:56,656 WARN manager.MySQLManager: option to exercise a MySQL-specific fast path.
2025-03-30 02:33:56,656 INFO manager.MySQLManager: Setting zero DATETIME behavior to convertToNull (mysql)
2025-03-30 02:33:57,549 INFO mapreduce.ImportJobBase: Beginning import of cust
2025-03-30 02:33:57,550 INFO Configuration.deprecation: mapred.job.tracker is deprecated. Instead, use mapreduce.jobtracker.address
2025-03-30 02:33:57,749 INFO Configuration.deprecation: mapred.jar is deprecated. Instead, use mapreduce.job.jar
2025-03-30 02:34:02,050 INFO manager.SqlManager: Executing SQL statement: SELECT t.* FROM `cust` AS t LIMIT 1
2025-03-30 02:34:02,936 INFO manager.SqlManager: Executing SQL statement: SELECT t.* FROM `cust` AS t LIMIT 1
2025-03-30 02:34:04,415 INFO conf.HiveConf: Found configuration file file:/opt/sqoop-1.4.7.bin__hadoop-2.6.0/conf/hive-site.xml
2025-03-30 02:34:05,556 INFO Configuration.deprecation: mapred.map.tasks is deprecated. Instead, use mapreduce.job.maps
2025-03-30 02:34:05,755 INFO client.DefaultNoHARMFailoverProxyProvider: Connecting to ResourceManager at m02.itversity.com/172.16.1.104:8032
2025-03-30 02:34:05,880 INFO client.AHSProxy: Connecting to Application History server at m01.itversity.com/172.16.1.103:10200
2025-03-30 02:34:06,149 INFO mapreduce.JobResourceUploader: Disabling Erasure Coding for path: /tmp/hadoop-yarn/staging/itv017714/.staging/job_1737290322575_43867
2025-03-30 02:34:21,331 INFO db.DBInputFormat: Using read commited transaction isolation
2025-03-30 02:34:21,955 INFO mapreduce.JobSubmitter: number of splits:1
2025-03-30 02:34:22,213 INFO mapreduce.JobSubmitter: Submitting tokens for job: job_1737290322575_43867
2025-03-30 02:34:22,213 INFO mapreduce.JobSubmitter: Executing with tokens: []
2025-03-30 02:34:22,337 INFO conf.Configuration: resource-types.xml not found
2025-03-30 02:34:22,338 INFO resource.ResourceUtils: Unable to find 'resource-types.xml'.
2025-03-30 02:34:22,374 INFO impl.YarnClientImpl: Submitted application application_1737290322575_43867
2025-03-30 02:34:22,392 INFO mapreduce.Job: The url to track the job: http://m02.itversity.com:19088/proxy/application_1737290322575_43867/
2025-03-30 02:34:22,393 INFO mapreduce.Job: Running job: job_1737290322575_43867
2025-03-30 02:35:02,565 INFO mapreduce.Job: Job job_1737290322575_43867 running in uber mode : false
2025-03-30 02:35:02,585 INFO mapreduce.Job:  map 0% reduce 0%
2025-03-30 02:35:10,848 INFO mapreduce.Job:  map 100% reduce 0%
2025-03-30 02:35:12,870 INFO mapreduce.Job: Job job_1737290322575_43867 completed successfully
2025-03-30 02:35:13,000 INFO mapreduce.Job: Counters: 33
        File System Counters
                FILE: Number of bytes read=0
                FILE: Number of bytes written=275511
                FILE: Number of read operations=0
                FILE: Number of large read operations=0
                FILE: Number of write operations=0
                HDFS: Number of bytes read=4805
                HDFS: Number of bytes written=1679
                HDFS: Number of read operations=50
                HDFS: Number of large read operations=0
                HDFS: Number of write operations=10
                HDFS: Number of bytes read erasure-coded=0
        Job Counters 
                Launched map tasks=1
                Other local map tasks=1
                Total time spent by all maps in occupied slots (ms)=7073
                Total time spent by all reduces in occupied slots (ms)=0
                Total time spent by all map tasks (ms)=7073
                Total vcore-milliseconds taken by all map tasks=7073
                Total megabyte-milliseconds taken by all map tasks=7242752
        Map-Reduce Framework
                Map input records=2
                Map output records=2
                Input split bytes=87
                Spilled Records=0
                Failed Shuffles=0
                Merged Map outputs=0
                GC time elapsed (ms)=38
                CPU time spent (ms)=1290
                Physical memory (bytes) snapshot=408322048
                Virtual memory (bytes) snapshot=2630221824
                Total committed heap usage (bytes)=824180736
                Peak Map Physical memory (bytes)=408322048
                Peak Map Virtual memory (bytes)=2630221824
        File Input Format Counters 
                Bytes Read=0
        File Output Format Counters 
                Bytes Written=0
2025-03-30 02:35:13,007 INFO mapreduce.ImportJobBase: Transferred 1.6396 KB in 67.4409 seconds (24.8959 bytes/sec)
2025-03-30 02:35:13,012 INFO mapreduce.ImportJobBase: Retrieved 2 records.
[itv017714@g02 ~]$ hadoop   fs   -ls    /user/itv017714/pardir
Found 3 items
drwxr-xr-x   - itv017714 supergroup          0 2025-03-30 02:34 /user/itv017714/pardir/.metadata
drwxr-xr-x   - itv017714 supergroup          0 2025-03-30 02:35 /user/itv017714/pardir/.signals
-rw-r--r--   3 itv017714 supergroup        623 2025-03-30 02:35 /user/itv017714/pardir/a9145ae2-7831-4a63-ae38-e17797e6a2ed.parquet
[itv017714@g02 ~]$ 
[itv017714@g02 ~]$ 
[itv017714@g02 ~]$ hadoop   fs    -cat   /user/itv017714/pardir/*
cat: `/user/itv017714/pardir/.metadata': Is a directory
cat: `/user/itv017714/pardir/.signals': Is a directory
PAR1 46:zeyo    analyticszeyo   analytics<Hcust%id
                                                  %name%,id^b<&j
                                                                name��&j<zeyo   analytics�parquet.avro.schema�{"type":"record","name":"cust","doc":"Sqoop import of cust","fields":[{"name":"id","type":["null","int"],"default":null,"columnName":"id","sqlType":"4"},{"name":"name","type":["null","string"],"default":null,"columnName":"name","sqlType":"12"}],"tableName":"cust"};parquet-mr (build 6aa21f8776625b5fa6b18059cfebe7549f2e00cb)�PAR1[itv017714@g02 ~]$
